// Vitest Snapshot v1, https://vitest.dev/guide/snapshot.html

exports[`getRemoteSchema > should return schema if fetch request is successful 1`] = `
{
  "fields": [
    {
      "hidden": false,
      "name": "id",
      "required": true,
      "type": "text",
    },
    {
      "hidden": true,
      "name": "password",
      "required": true,
      "type": "password",
    },
    {
      "hidden": true,
      "name": "tokenKey",
      "required": true,
      "type": "text",
    },
    {
      "hidden": false,
      "name": "email",
      "required": true,
      "type": "email",
    },
    {
      "hidden": false,
      "name": "emailVisibility",
      "required": false,
      "type": "bool",
    },
    {
      "hidden": false,
      "name": "verified",
      "required": false,
      "type": "bool",
    },
    {
      "hidden": false,
      "name": "name",
      "required": false,
      "type": "text",
    },
    {
      "hidden": false,
      "maxSelect": 1,
      "name": "avatar",
      "required": false,
      "type": "file",
    },
    {
      "hidden": false,
      "name": "created",
      "onCreate": true,
      "onUpdate": false,
      "type": "autodate",
    },
    {
      "hidden": false,
      "name": "updated",
      "onCreate": true,
      "onUpdate": true,
      "type": "autodate",
    },
  ],
  "id": "_pb_users_auth_",
  "name": "users",
  "type": "auth",
}
`;
